1.

C:\Users\angca>cd documents

C:\Users\angca\Documents>cd dam

C:\Users\angca\Documents\DAM>cd 1

C:\Users\angca\Documents\DAM\1>cd sistemas

C:\Users\angca\Documents\DAM\1\Sistemas>cd ejercicios

C:\Users\angca\Documents\DAM\1\Sistemas>cd git

C:\Users\angca\Documents\DAM\1\Sistemas\Git>cd ejercicios

C:\Users\angca\Documents\DAM\1\Sistemas\Git\Ejercicios>git config --global user.name "Angela Cabello"

C:\Users\angca\Documents\DAM\1\Sistemas\Git\Ejercicios>git config --global user.mail "angcabpin03@gmail.com"

C:\Users\angca\Documents\DAM\1\Sistemas\Git\Ejercicios>git config --global color.ui auto

2.
C:\Users\angca\Documents\DAM\1\Sistemas\Git\Ejercicios>git init "libro"
Initialized empty Git repository in C:/Users/angca/Documents/DAM/1/Sistemas/Git/Ejercicios/libro/.git/

C:\Users\angca\Documents\DAM\1\Sistemas\Git\Ejercicios>git status
fatal: not a git repository (or any of the parent directories): .git

C:\Users\angca\Documents\DAM\1\Sistemas\Git\Ejercicios>cd libro

3.
C:\Users\angca\Documents\DAM\1\Sistemas\Git\Ejercicios\libro>echo indice.txt
indice.txt

C:\Users\angca\Documents\DAM\1\Sistemas\Git\Ejercicios\libro>dir
 El volumen de la unidad C es Windows
 El número de serie del volumen es: 44B1-C1C3

 Directorio de C:\Users\angca\Documents\DAM\1\Sistemas\Git\Ejercicios\libro

12/01/2024  12:55    <DIR>          .
12/01/2024  12:55    <DIR>          ..
               0 archivos              0 bytes
               2 dirs  190.395.187.200 bytes libres

C:\Users\angca\Documents\DAM\1\Sistemas\Git\Ejercicios\libro>echo "capitulo 1: introduccion a git"> indice.txt

C:\Users\angca\Documents\DAM\1\Sistemas\Git\Ejercicios\libro>echo "capitulo 2: flujo de trabajo basico">> indice.txt

C:\Users\angca\Documents\DAM\1\Sistemas\Git\Ejercicios\libro>echo "capitulo 3: repositorios remotos">> indice.txt

C:\Users\angca\Documents\DAM\1\Sistemas\Git\Ejercicios\libro>dir
 El volumen de la unidad C es Windows
 El número de serie del volumen es: 44B1-C1C3

 Directorio de C:\Users\angca\Documents\DAM\1\Sistemas\Git\Ejercicios\libro

12/01/2024  12:56    <DIR>          .
12/01/2024  12:55    <DIR>          ..
12/01/2024  12:57               109 indice.txt
               1 archivos            109 bytes
               2 dirs  190.393.835.520 bytes libres

C:\Users\angca\Documents\DAM\1\Sistemas\Git\Ejercicios\libro>git add indice.txt

C:\Users\angca\Documents\DAM\1\Sistemas\Git\Ejercicios\libro>git status
On branch master

No commits yet

Changes to be committed:
  (use "git rm --cached <file>..." to unstage)
        new file:   indice.txt

4.
angel@ANGELA-LAPTOP MINGW64 /c/users/angel/git/Sistemas_AngelaCabello/Sistemas_AngelaCabello/libro (master)
$ git commit -m "añadido indice del libro"
[master (root-commit) b705a5a] añadido indice del libro
 1 file changed, 3 insertions(+)
 create mode 100644 indice.txt

5.
C:\Users\angca\Documents\DAM\1\Sistemas\Git\Ejercicios\libro>git commit -m "añadido indice del libro"
[master (root-commit) a8be42c] añadido indice del libro
 1 file changed, 3 insertions(+)
 create mode 100644 indice.txt

C:\Users\angca\Documents\DAM\1\Sistemas\Git\Ejercicios\libro>echo "capitulo 1: introduccion a git"> indice.txt

C:\Users\angca\Documents\DAM\1\Sistemas\Git\Ejercicios\libro>echo "capitulo 2: flujo de trabajo basico">> indice.txt

C:\Users\angca\Documents\DAM\1\Sistemas\Git\Ejercicios\libro>echo "capitulo 3: gestion de ramas">> indice.txt

C:\Users\angca\Documents\DAM\1\Sistemas\Git\Ejercicios\libro>echo "capitulo 4: repositorios remotos">> indice.txt

C:\Users\angca\Documents\DAM\1\Sistemas\Git\Ejercicios\libro>git diff
diff --git a/indice.txt b/indice.txt
index b0f27fa..29119ea 100644
--- a/indice.txt
+++ b/indice.txt
@@ -1,3 +1,4 @@
 "capitulo 1: introduccion a git"
 "capitulo 2: flujo de trabajo basico"
-"capitulo 3: repositorios remotos"
+"capitulo 3: gestion de ramas"
+"capitulo 4: repositorios remotos"

C:\Users\angca\Documents\DAM\1\Sistemas\Git\Ejercicios\libro>git commit -m "añadido capitulo 3 sobre gestion de ramas"
On branch master
Changes not staged for commit:
  (use "git add <file>..." to update what will be committed)
  (use "git restore <file>..." to discard changes in working directory)
        modified:   indice.txt

no changes added to commit (use "git add" and/or "git commit -a")

6.
C:\Users\angca\Documents\DAM\1\Sistemas\Git\Ejercicios\libro>git log --follow indice.txt
commit a8be42ca27551d0a953a30b98321e30f6cf7400c (HEAD -> master)
Author: Angela Cabello <angcabpin03@gmail.com>
Date:   Fri Jan 12 13:01:20 2024 +0100

    añadido indice del libro

C:\Users\angca\Documents\DAM\1\Sistemas\Git\Ejercicios\libro>git commit -m "añadido capitulo 3 sobre gestion de ramas al indice"
On branch master
Changes not staged for commit:
  (use "git add <file>..." to update what will be committed)
  (use "git restore <file>..." to discard changes in working directory)
        modified:   indice.txt

no changes added to commit (use "git add" and/or "git commit -a")

C:\Users\angca\Documents\DAM\1\Sistemas\Git\Ejercicios\libro>git add indice.txt

C:\Users\angca\Documents\DAM\1\Sistemas\Git\Ejercicios\libro>git log --follow indice.txt
commit a8be42ca27551d0a953a30b98321e30f6cf7400c (HEAD -> master)
Author: Angela Cabello <angcabpin03@gmail.com>
Date:   Fri Jan 12 13:01:20 2024 +0100

    añadido indice del libro
    añadido capitulo 3 sobre gestion de ramas al indice



