1.
C:\Users\angca\Documents\DAM\1\Sistemas\Git\Ejercicios>git clone https://github.com/asalber/libro-git.git
Cloning into 'libro-git'...
remote: Enumerating objects: 42, done.
remote: Counting objects: 100% (6/6), done.
remote: Compressing objects: 100% (4/4), done.
remote: Total 42 (delta 2), reused 2 (delta 2), pack-reused 36
Receiving objects: 100% (42/42), 4.55 KiB | 1.51 MiB/s, done.
Resolving deltas: 100% (8/8), done.

C:\Users\angca\Documents\DAM\1\Sistemas\Git\Ejercicios>cd libro-git

C:\Users\angca\Documents\DAM\1\Sistemas\Git\Ejercicios\libro-git>git reset --hard 8c808
HEAD is now at 8c80810 Añadido capítulo 3 sobre gestión de ramas al índice.

C:\Users\angca\Documents\DAM\1\Sistemas\Git\Ejercicios\libro-git>git remote remove origin

C:\Users\angca\Documents\DAM\1\Sistemas\Git\Ejercicios\libro-git>git status
On branch master
nothing to commit, working tree clean

C:\Users\angca\Documents\DAM\1\Sistemas\Git\Ejercicios\libro-git>mkdir capitulos

C:\Users\angca\Documents\DAM\1\Sistemas\Git\Ejercicios\libro-git>cd capitulos

C:\Users\angca\Documents\DAM\1\Sistemas\Git\Ejercicios\libro-git\capitulos>echo capitulo1.txt
capitulo1.txt

C:\Users\angca\Documents\DAM\1\Sistemas\Git\Ejercicios\libro-git\capitulos>echo "git es un sistema de control de versiones ideado para linus torvalds">capitulo1.txt

C:\Users\angca\Documents\DAM\1\Sistemas\Git\Ejercicios\libro-git\capitulos>git add capitulo1.txt

C:\Users\angca\Documents\DAM\1\Sistemas\Git\Ejercicios\libro-git\capitulos>git commit -m "añadido capitulo 1."
[master 69f4b8a] añadido capitulo 1.
 1 file changed, 1 insertion(+)
 create mode 100644 capitulos/capitulo1.txt

C:\Users\angca\Documents\DAM\1\Sistemas\Git\Ejercicios\libro-git\capitulos>git add capitulo1
.txt

C:\Users\angca\Documents\DAM\1\Sistemas\Git\Ejercicios\libro-git\capitulos>git status
On branch master
nothing to commit, working tree clean

2.
C:\Users\angca\Documents\DAM\1\Sistemas\Git\Ejercicios\libro-git\capitulos>echo capitulo2.txt
capitulo2.txt

C:\Users\angca\Documents\DAM\1\Sistemas\Git\Ejercicios\libro-git\capitulos>echo "el flujo de trabajo basico con git coniste en: 1- hacer cambios en el repositorio. 2- añadir los cambio
s a la zona de intercambio temporal. 3- hacer un commit de los cambios" >> capitulo2.txt

C:\Users\angca\Documents\DAM\1\Sistemas\Git\Ejercicios\libro-git\capitulos>git add .

C:\Users\angca\Documents\DAM\1\Sistemas\Git\Ejercicios\libro-git\capitulos>git status
On branch master
Changes to be committed:
  (use "git restore --staged <file>..." to unstage)
        new file:   capitulo2.txt


C:\Users\angca\Documents\DAM\1\Sistemas\Git\Ejercicios\libro-git\capitulos>git commit -m "añadido capitulo 2."
[master 08613c5] añadido capitulo 2.
 1 file changed, 1 insertion(+)
 create mode 100644 capitulos/capitulo2.txt

C:\Users\angca\Documents\DAM\1\Sistemas\Git\Ejercicios\libro-git\capitulos>git add .

C:\Users\angca\Documents\DAM\1\Sistemas\Git\Ejercicios\libro-git\capitulos>git status
On branch master
nothing to commit, working tree clean

C:\Users\angca\Documents\DAM\1\Sistemas\Git\Ejercicios\libro-git\capitulos>dir
 El volumen de la unidad C es Windows
 El número de serie del volumen es: 44B1-C1C3

 Directorio de C:\Users\angca\Documents\DAM\1\Sistemas\Git\Ejercicios\libro-git\capitulos

13/01/2024  17:22    <DIR>          .
13/01/2024  14:11    <DIR>          ..
13/01/2024  14:13                72 capitulo1.txt
13/01/2024  17:22               178 capitulo2.txt
               2 archivos            250 bytes
               2 dirs  181.047.156.736 bytes libres


3.
C:\Users\angca\Documents\DAM\1\Sistemas\Git\Ejercicios\libro-git\capitulos>echo capitulo3.tx
t
capitulo3.txt

C:\Users\angca\Documents\DAM\1\Sistemas\Git\Ejercicios\libro-git\capitulos>echo "git permite la creacion de ramas lo que permite tener distintas versiones del mismo proyecto y trabajar de manera simultanea en ellas" >> capitulo3.txt

C:\Users\angca\Documents\DAM\1\Sistemas\Git\Ejercicios\libro-git\capitulos>git add .

C:\Users\angca\Documents\DAM\1\Sistemas\Git\Ejercicios\libro-git\capitulos>git commit -m "añadido capitulo 3."
[master e78153b] añadido capitulo 3.
 1 file changed, 1 insertion(+)
 create mode 100644 capitulos/capitulo3.txt

C:\Users\angca\Documents\DAM\1\Sistemas\Git\Ejercicios\libro-git\capitulos>git diff

C:\Users\angca\Documents\DAM\1\Sistemas\Git\Ejercicios\libro-git\capitulos>git log --follow
capitulo3.txt
commit e78153be4d949374d218b7c2e769268087070cea (HEAD -> master)
Author: Angela Cabello <angcabpin03@gmail.com>
Date:   Sat Jan 13 17:31:37 2024 +0100

    añadido capitulo 3.

4.

C:\Users\angca\Documents\DAM\1\Sistemas\Git\Ejercicios\libro-git\capitulos>cd..

C:\Users\angca\Documents\DAM\1\Sistemas\Git\Ejercicios\libro-git>echo "capitulo 5:conceptos
 avanzados" >> indice.txt

C:\Users\angca\Documents\DAM\1\Sistemas\Git\Ejercicios\libro-git>git add .

C:\Users\angca\Documents\DAM\1\Sistemas\Git\Ejercicios\libro-git>git commit -m "añadido capitulo 5 al indice.".
[master 71ac316] añadido capitulo 5 al indice..
 1 file changed, 1 insertion(+)

C:\Users\angca\Documents\DAM\1\Sistemas\Git\Ejercicios\libro-git>git log
commit 71ac316b4798469743caae9de8e8ab01423da1e3 (HEAD -> master)
Author: Angela Cabello <angcabpin03@gmail.com>
Date:   Sat Jan 13 17:47:58 2024 +0100

    añadido capitulo 5 al indice..

commit e78153be4d949374d218b7c2e769268087070cea
Author: Angela Cabello <angcabpin03@gmail.com>
Date:   Sat Jan 13 17:31:37 2024 +0100

    añadido capitulo 3.

commit 08613c506ec7ae398f10e9b647f39c1e2dc66d8a
Author: Angela Cabello <angcabpin03@gmail.com>
Date:   Sat Jan 13 17:24:01 2024 +0100

    añadido capitulo 2.

commit 69f4b8ada368a0d1e95c65c32e4f7f1d2b691103
Author: Angela Cabello <angcabpin03@gmail.com>
Date:   Sat Jan 13 17:07:30 2024 +0100

    añadido capitulo 1.

commit 8c808102b96843781205b3169444a002878f5b21
Author: Alfredo Sánchez Alberca <asalber@gmail.com>
Date:   Wed Feb 13 18:05:27 2019 +0100

    Añadido capítulo 3 sobre gestión de ramas al índice.

commit bd7f788903cf1b1adbde028d474068cebb6ac870
Author: Alfredo Sánchez Alberca <asalber@gmail.com>
Date:   Wed Feb 13 17:58:58 2019 +0100
:
