1.
C:\Users\angca\Documents\DAM\GitHub>cd C:\Users\angca\Documents\DAM\GitHub\ejericioLibro-Git

C:\Users\angca\Documents\DAM\GitHub\ejericioLibro-Git>git remote add github https://github.com/AngelaCabello/ejericioLibro-Git.git

C:\Users\angca\Documents\DAM\GitHub\ejericioLibro-Git>git remote -v
github  https://github.com/AngelaCabello/ejericioLibro-Git.git (fetch)
github  https://github.com/AngelaCabello/ejericioLibro-Git.git (push)
origin  https://github.com/AngelaCabello/ejericioLibro-Git.git (fetch)
origin  https://github.com/AngelaCabello/ejericioLibro-Git.git (push)

2.
C:\Users\angca\Documents\DAM\GitHub\ejericioLibro-Git>git push github master
error: src refspec master does not match any
error: failed to push some refs to 'https://github.com/AngelaCabello/ejericioLibro-Git.git'

3.
C:\Users\angca\Documents\DAM\GitHub\ejericioLibro-Git>git clone https://github.com/asalber/libro-git.git
Cloning into 'libro-git'...
remote: Enumerating objects: 42, done.
remote: Counting objects: 100% (6/6), done.
remote: Compressing objects: 100% (4/4), done.
remote: Total 42 (delta 2), reused 2 (delta 2), pack-reused 36
Receiving objects: 100% (42/42), 4.55 KiB | 1.51 MiB/s, done.
Resolving deltas: 100% (8/8), done.

C:\Users\angca\Documents\DAM\GitHub\ejericioLibro-Git>git add angelacabello.txt

C:\Users\angca\Documents\DAM\GitHub\ejericioLibro-Git>echo "user angela cabello"> agelacabello.txt

C:\Users\angca\Documents\DAM\GitHub\ejericioLibro-Git>echo "email angcabpin03@gmail.com">> agelacabello.txt
C:\Users\angca\Documents\DAM\GitHub\ejericioLibro-Git>git add .
warning: adding embedded git repository: ejericioLibro-Git
hint: You've added another git repository inside your current repository.
hint: Clones of the outer repository will not contain the contents of
hint: the embedded repository and will not know how to obtain it.
hint: If you meant to add a submodule, use:
hint:
hint:   git submodule add <url> ejericioLibro-Git
hint:
hint: If you added this path by mistake, you can remove it from the
hint: index with:
hint:
hint:   git rm --cached ejericioLibro-Git
hint:
hint: See "git help submodule" for more information.
warning: adding embedded git repository: libro-git

C:\Users\angca\Documents\DAM\GitHub\ejericioLibro-Git>git commit -m "añadido autor"
[main 0fbe630] añadido autor
 5 files changed, 4 insertions(+)
 create mode 100644 AngelaCabello
 create mode 100644 AngelaCabello.txt
 create mode 100644 agelacabello.txt
 create mode 160000 ejericioLibro-Git
 create mode 160000 libro-git

C:\Users\angca\Documents\DAM\GitHub\ejericioLibro-Git>git push
info: please complete authentication in your browser...
Enumerating objects: 5, done.
Counting objects: 100% (5/5), done.
Delta compression using up to 2 threads
Compressing objects: 100% (3/3), done.
Writing objects: 100% (4/4), 459 bytes | 229.00 KiB/s, done.
Total 4 (delta 0), reused 0 (delta 0), pack-reused 0
To https://github.com/AngelaCabello/ejericioLibro-Git.git
   2aa78ba..0fbe630  main -> main


